// Jest Snapshot v1, https://goo.gl/fbAQLP

exports[`App tests App rendering tests snapshot test render correctly App component 1`] = `
<div
  className="App container"
>
  <div
    className="row"
  >
    <div
      className="col"
    >
      <h1
        style={
          Object {
            "margin": "20px 0",
          }
        }
      >
        My To-do's
      </h1>
    </div>
  </div>
  <div
    className="row"
    style={
      Object {
        "marginBottom": "3%",
      }
    }
  >
    <div
      className="col"
    >
      <div>
        <button
          aria-label={null}
          className="btn btn-success"
          onClick={[Function]}
          style={
            Object {
              "float": "left",
              "marginRight": "10px",
            }
          }
          type="button"
        >
          Add To-do task
        </button>
      </div>
    </div>
    <div
      className="col"
    >
      <div
        className="p-3 bg-danger rounded"
      >
        <div
          className="toast fade"
          role="alert"
        >
          <div
            className="toast-header"
          >
            <strong
              className="mr-auto"
            >
              High Priority
            </strong>
          </div>
          <div
            className="toast-body"
            style={
              Object {
                "fontSize": "20px",
              }
            }
          >
            0
          </div>
        </div>
      </div>
    </div>
    <div
      className="col"
    >
      <div
        className="p-3 bg-warning rounded"
      >
        <div
          className="toast fade"
          role="alert"
        >
          <div
            className="toast-header"
          >
            <strong
              className="mr-auto"
            >
              Medium Priority
            </strong>
          </div>
          <div
            className="toast-body"
            style={
              Object {
                "fontSize": "20px",
              }
            }
          >
            0
          </div>
        </div>
      </div>
    </div>
    <div
      className="col"
    >
      <div
        className="p-3 bg-primary rounded"
      >
        <div
          className="toast fade"
          role="alert"
        >
          <div
            className="toast-header"
          >
            <strong
              className="mr-auto"
            >
              Low Priority
            </strong>
          </div>
          <div
            className="toast-body"
            style={
              Object {
                "fontSize": "20px",
              }
            }
          >
            0
          </div>
        </div>
      </div>
    </div>
  </div>
  <div
    className="row"
  >
    <div
      className="col"
    >
      <div
        className="table-responsive"
      >
        <table
          className="table table-dark table-hover"
        >
          <thead>
            <tr>
              <th>
                ID
              </th>
              <th
                id="task-header"
                onClick={[Function]}
                style={
                  Object {
                    "cursor": "pointer",
                  }
                }
              >
                Task to-do name
              </th>
              <th
                id="priority-header"
                onClick={[Function]}
                style={
                  Object {
                    "cursor": "pointer",
                  }
                }
              >
                Priority
              </th>
              <th>
                Actions
              </th>
            </tr>
          </thead>
          <tbody />
        </table>
      </div>
    </div>
  </div>
  <div
    className="row"
  >
    <div
      className="col"
    >
      <a
        href="https://linkedin.com/in/hector-longarte"
        rel="noopener noreferrer"
        target="_blank"
      >
        Hector Longarte
      </a>
    </div>
  </div>
</div>
`;
